<html>
<body>
<pre>
<h1>µVision Build Log</h1>
<h2>Tool Versions:</h2>
IDE-Version: ¦ÌVision V5.14.0.0
Copyright (C) 2015 ARM Ltd and ARM Germany GmbH. All rights reserved.
License Information: azalea du, ttk, LIC=Z3CY8-3F9MY-495G2-9VVZD-ZRP7F-4LXIW
 
Tool Versions:
Toolchain:       MDK-ARM Professional  Version: 5.14.0.0
Toolchain Path:  C:\Keil_v5\ARM\ARMCC\Bin
C Compiler:      Armcc.exe V5.05 update 1 (build 106)
Assembler:       Armasm.exe V5.05 update 1 (build 106)
Linker/Locator:  ArmLink.exe V5.05 update 1 (build 106)
Library Manager: ArmAr.exe V5.05 update 1 (build 106)
Hex Converter:   FromElf.exe V5.05 update 1 (build 106)
CPU DLL:         SARMCM3.DLL V5.14.0.0
Dialog DLL:      DARMSTM.DLL V1.65.0.0
Target DLL:      Segger\JL2CM3.dll V2.99.13.0
Dialog DLL:      TARMSTM.DLL V1.64.0.0
 
<h2>Project:</h2>
\\psf\Home\Desktop\wash_170522\HMI_170522\Workspace\I_Washing_M_20161018.uvproj
Project File Date:  04/21/2017

<h2>Output:</h2>
Build target 'Target 1'
compiling Menu.c...
linking...
Program Size: Code=70198 RO-data=13806 RW-data=6204 ZI-data=4036  
FromELF: creating hex file...
"..\Output\WASH.axf" - 0 Error(s), 0 Warning(s).
</pre>
</body>
</html>
